<html
  lang="en"
  dir="ltr"
  xmlns:o="urn:schemas-microsoft-com:office:office"
  xmlns:v="urn:schemas-microsoft-com:vml"
>
  <head>
    <meta
      http-equiv="Content-Type"
      content="text/html; charset=UTF-8"
    >
    <meta
      name="viewport"
      content="width=device-width, initial-scale=1, user-scalable=yes"
    >
    <meta name="x-apple-disable-message-reformatting">
    <meta
      name="format-detection"
      content="telephone=no, date=no, address=no, email=no, url=no"
    >
    <meta
      name="viewport"
      content="width=device-width, initial-scale=1, user-scalable=yes"
    >
    <meta name="x-apple-disable-message-reformatting">
    <meta
      name="format-detection"
      content="telephone=no, date=no, address=no, email=no, url=no"
    >
    <!--[if mso]><xml><o:OfficeDocumentSettings><o:AllowPNG></o:AllowPNG><o:PixelsPerInch>96</o:PixelsPerInch></o:OfficeDocumentSettings></xml><![endif]-->
    <style tailwind>
      /* layer: preflights */
    /* layer: default */
    .mx-auto {
      margin-left: auto;
      margin-right: auto;
    }

    .my-\[40px\] {
      margin-top: 40px;
      margin-bottom: 40px;
    }

    .my-auto {
      margin-top: auto;
      margin-bottom: auto;
    }

    .w-\[465px\] {
      width: 465px;
    }

    .border-separate {
      border-collapse: separate;
    }

    .border {
      border-width: 1px;
    }

    .border-\[\#eaeaea\] {
      border-color: rgb(234, 234, 234);
    }

    .rounded {
      border-radius: 4px;
    }

    .border-solid {
      border-style: solid;
    }

    .bg-white {
      background-color: rgb(255, 255, 255);
    }

    .p-\[20px\] {
      padding: 20px;
    }

    .font-sans {
      font-family: ui-sans-serif, system-ui, -apple-system, BlinkMacSystemFont, "Segoe UI", Roboto, "Helvetica Neue", Arial, "Noto Sans", sans-serif, "Apple Color Emoji", "Segoe UI Emoji", "Segoe UI Symbol", "Noto Color Emoji";
    }
    </style>
  </head>
  <body class="bg-white my-auto mx-auto font-sans">
    <div style="table-layout:fixed;width:100%">
      <div style="margin:0 auto;max-width:600px">
        <span>
          <!--[if mso]><table align="center" width="600" style="border-spacing: 0; width:600px;" role="presentation"><tr><td><![endif]-->
        </span>
        <table
          align="center"
          width="100%"
          class="border-separate border border-solid border-[#eaeaea] rounded my-[40px] mx-auto p-[20px] w-[465px]"
          role="presentation"
          cellspacing="0"
          cellpadding="0"
          border="0"
          style="max-width:600px"
        >
          <tbody>
            <tr style="width:100%">
              <td align="center">
                <div>
                  <pre
                    class="shiki nord"
                    style="background-color:#2e3440ff;color:#d8dee9ff"
                    tabindex="0"
                  >
                    <code>
                      <span class="line">
                      </span>
                      <span class="line">
                        <span style="color:#81A1C1">
                          import
                        </span>
                        <span style="color:#ECEFF4">
                          {
                        </span>
                        <span style="color:#8FBCBB">
                          batman
                        </span>
                        <span style="color:#ECEFF4">
                          }
                        </span>
                        <span style="color:#81A1C1">
                          from
                        </span>
                        <span style="color:#ECEFF4">
                          '
                        </span>
                        <span style="color:#A3BE8C">
                          superheros
                        </span>
                        <span style="color:#ECEFF4">
                          '
                        </span>
                        <span style="color:#81A1C1">
                          ;
                        </span>
                      </span>
                      <span class="line">
                        <span style="color:#81A1C1">
                          import
                        </span>
                        <span style="color:#ECEFF4">
                          {
                        </span>
                        <span style="color:#8FBCBB">
                          joker
                        </span>
                        <span style="color:#ECEFF4">
                          }
                        </span>
                        <span style="color:#81A1C1">
                          from
                        </span>
                        <span style="color:#ECEFF4">
                          '
                        </span>
                        <span style="color:#A3BE8C">
                          villains
                        </span>
                        <span style="color:#ECEFF4">
                          '
                        </span>
                        <span style="color:#81A1C1">
                          ;
                        </span>
                      </span>
                      <span class="line">
                      </span>
                      <span class="line">
                        <span style="color:#81A1C1">
                          const
                        </span>
                        <span style="color:#D8DEE9">
                          henchmen
                        </span>
                        <span style="color:#81A1C1">
                          =
                        </span>
                        <span style="color:#D8DEE9">
                          joker
                        </span>
                        <span style="color:#ECEFF4">
                          .
                        </span>
                        <span style="color:#88C0D0">
                          help
                        </span>
                        <span style="color:#D8DEE9FF">
                          ()
                        </span>
                        <span style="color:#81A1C1">
                          ;
                        </span>
                      </span>
                      <span class="line">
                      </span>
                      <span class="line">
                        <span style="color:#D8DEE9">
                          batman
                        </span>
                        <span style="color:#ECEFF4">
                          .
                        </span>
                        <span style="color:#88C0D0">
                          fight
                        </span>
                        <span style="color:#D8DEE9FF">
                          (
                        </span>
                        <span style="color:#D8DEE9">
                          henchmen
                        </span>
                        <span style="color:#D8DEE9FF">
                          )
                        </span>
                        <span style="color:#81A1C1">
                          ;
                        </span>
                      </span>
                      <span class="line">
                        <span style="color:#D8DEE9">
                          batman
                        </span>
                        <span style="color:#ECEFF4">
                          .
                        </span>
                        <span style="color:#88C0D0">
                          arrest
                        </span>
                        <span style="color:#D8DEE9FF">
                          (
                        </span>
                        <span style="color:#D8DEE9">
                          joker
                        </span>
                        <span style="color:#D8DEE9FF">
                          )
                        </span>
                        <span style="color:#81A1C1">
                          ;
                        </span>
                      </span>
                      <span class="line">
                        <span style="color:#D8DEE9FF">
                        </span>
                      </span>
                    </code>
                  </pre>
                </div>
              </td>
            </tr>
          </tbody>
        </table>
        <span>
          <!--[if mso]></td></tr></table><![endif]-->
        </span>
      </div>
    </div>
  </body>
</html>