<!DOCTYPE
  html
  PUBLIC
  "-//W3C//DTD
  XHTML
  1.0
  Transitional//EN"
  "http://www.w3.org/TR/xhtml1/DTD/xhtml1-transitional.dtd"
>
<html
  lang="en"
  dir="ltr"
  xmlns:o="urn:schemas-microsoft-com:office:office"
  xmlns:v="urn:schemas-microsoft-com:vml"
>
  <body>
    joker
  </body>
</html>
<style>
  table { overflow-wrap: anywhere; width: 100% !important; }
</style>